Resolving dependencies...
Downloading packages...
  app_links 7.2.1 (7.2.2 available)
  app_links_linux 1.0.3 (1.0.4 available)
  app_links_web 1.0.4 (1.0.5 available)
  archive 4.0.9 (4.3.0 available)
  battery_plus 7.1.1 (7.1.2 available)
  cli_util 0.4.2 (0.6.0 available)
  clock 1.1.2 (1.1.3 available)
  code_assets 1.0.0 (2.1.0 available)
  connectivity_plus 7.0.0 (7.3.2 available)
  cross_file 0.3.5+2 (0.4.0 available)
  dbus 0.7.12 (0.8.0 available)
  dio 5.11.0 (5.11.1 available)
  dio_web_adapter 2.1.2 (2.2.2 available)
  dynamic_color 1.8.1 (2.1.0 available)
  enough_convert 1.6.0 (1.7.1 available)
  file_selector_android 0.5.2+6 (0.5.2+11 available)
  file_selector_ios 0.5.3+5 (0.5.3+6 available)
  file_selector_linux 0.9.4 (0.9.4+1 available)
  file_selector_macos 0.9.5 (0.9.5+1 available)
  file_selector_web 0.9.4+2 (0.9.5 available)
  file_selector_windows 0.9.3+5 (0.9.3+6 available)
  flex_seed_scheme 4.0.1 (5.0.1 available)
  flutter_file_dialog 3.3.2 (3.3.3 available)
  flutter_lints 5.0.0 (6.0.0 available)
  flutter_onnxruntime 1.8.3 (1.9.0 available)
  flutter_plugin_android_lifecycle 2.0.34 (2.0.35 available)
  flutter_rust_bridge 2.11.1 (2.13.0 available)
  glob 2.1.3 (2.2.0 available)
  hooks 1.0.3 (2.2.0 available)
  html 0.15.6 (0.15.7 available)
  image 4.8.0 (4.10.1 available)
  intl 0.20.2 (0.20.3 available)
  io 1.0.5 (1.1.0 available)
  jni 1.0.0 (1.1.0 available)
  jni_flutter 1.0.1 (1.0.4+1 available)
  json_annotation 4.11.0 (4.12.0 available)
  lints 5.1.1 (6.1.0 available)
  local_auth_android 2.0.8 (2.2.0 available)
  local_auth_darwin 2.0.3 (2.0.4 available)
  local_auth_windows 2.0.1 (2.0.2 available)
  matcher 0.12.19 (0.12.20 available)
  material_color_utilities 0.13.0 (0.13.1 available)
  meta 1.18.0 (1.19.0 available)
  mime 2.0.0 (2.1.0 available)
  mobile_scanner 5.2.3 (7.4.2 available)
  native_toolchain_c 0.17.6 (0.19.5 available)
  nm 0.5.0 (0.6.0 available)
  objective_c 9.3.0 (9.6.2 available)
  package_config 2.2.0 (3.0.0 available)
  package_info_plus 8.3.1 (10.2.2 available)
  package_info_plus_platform_interface 3.2.1 (4.1.0 available)
  path_provider_linux 2.2.1 (2.2.2 available)
  path_provider_platform_interface 2.1.2 (2.1.3 available)
  pdfium_dart 0.2.5 (0.3.1 available)
  pdfium_flutter 0.2.3 (0.3.1 available)
  pdfrx_engine 0.4.7 (0.6.1 available)
  petitparser 7.0.2 (7.1.0 available)
  platform 3.1.6 (3.2.0 available)
  posix 6.5.0 (6.5.2 available)
  pub_semver 2.2.0 (2.2.1 available)
  qr 3.0.2 (4.0.0 available)
  record_use 0.6.0 (1.1.1 available)
  rhttp 0.15.1 (0.18.0 available)
  screen_retriever 0.2.2 (0.3.0 available)
  share_plus 12.0.2 (13.3.1 available)
  share_plus_platform_interface 6.1.0 (7.2.0 available)
  sqlite3 2.9.4 (3.7.0 available)
  sqlite3_flutter_libs 0.5.42 (0.6.0+eol available)
  stack_trace 1.12.1 (1.12.2 available)
  syntax_highlight 0.4.0 (0.5.0 available)
  test_api 0.7.11 (0.7.15 available)
  tray_manager 0.5.3 (0.8.0 available)
  unorm_dart 0.3.2 (0.3.3 available)
  url_launcher 6.3.2 (6.3.3 available)
  url_launcher_android 6.3.29 (6.3.33 available)
  url_launcher_ios 6.4.1 (6.4.2 available)
  url_launcher_linux 3.2.2 (3.2.3 available)
  url_launcher_macos 3.2.5 (3.2.6 available)
  url_launcher_windows 3.1.5 (3.1.6 available)
  vector_math 2.2.0 (2.4.3 available)
  vm_service 15.2.0 (15.3.0 available)
  win32 5.15.0 (6.4.0 available)
  xml 6.6.1 (7.1.0 available)
  yaml 3.1.3 (3.1.4 available)
Got dependencies!
84 packages have newer versions incompatible with dependency constraints.
Try `flutter pub outdated` for more information.

✅ /Users/runner/work/Venera-Max/Venera-Max/test/cache_scan_index_test.dart: new cache writes wait until startup orphan cleanup completes
✅ /Users/runner/work/Venera-Max/Venera-Max/test/cache_scan_index_test.dart: old cache databases gain indexed file lookup without losing cached data
✅ /Users/runner/work/Venera-Max/Venera-Max/test/cached_image_loading_test.dart: holds eight slots until reads finish and queues the next read
✅ /Users/runner/work/Venera-Max/Venera-Max/test/cached_image_loading_test.dart: a cancelled load does not start reading or acquire a slot
✅ /Users/runner/work/Venera-Max/Venera-Max/test/cached_image_loading_test.dart: missing local files report a permanent error and release their slot
✅ /Users/runner/work/Venera-Max/Venera-Max/test/chapter_modified_times_test.dart: local timestamps use the reader directory mapping and ignore missing chapters
✅ /Users/runner/work/Venera-Max/Venera-Max/test/chapter_modified_times_test.dart: WebDAV batches hundreds of chapter timestamps by parent and handles missing metadata
✅ /Users/runner/work/Venera-Max/Venera-Max/test/comic_cache_directory_test.dart: creates folders, switches only on restart and preserves old cache
✅ /Users/runner/work/Venera-Max/Venera-Max/test/comic_cache_directory_test.dart: rejects invalid paths and populated unrelated folders without saving
::group::✅ /Users/runner/work/Venera-Max/Venera-Max/test/comic_cache_directory_test.dart: unavailable saved path falls back and remains device-local
[31mCustom cache directory unavailable: FileSystemException: Creation failed, path = '/var/folders/nj/vtw8zd2j31d1gdrtntc5y4600000gn/T/venera_cache_directory_xLf1rW/blocked' (OS Error: Not a directory, errno = 20)[0m
::endgroup::
✅ /Users/runner/work/Venera-Max/Venera-Max/test/customization_settings_test.dart: cache setting shows pending path and links to help
✅ /Users/runner/work/Venera-Max/Venera-Max/test/customization_settings_test.dart: cache dialog can reset draft and cancel on a small screen
::group::❌ /Users/runner/work/Venera-Max/Venera-Max/test/customization_settings_test.dart: script editor has help and clear test feedback at Size(1280.0, 820.0) (failed)
══╡ EXCEPTION CAUGHT BY FLUTTER TEST FRAMEWORK ╞════════════════════════════════════════════════════
The following TestFailure was thrown running a test:
Expected: exactly one matching candidate
  Actual: _TextWidgetFinder:<Found 0 widgets with text "测试通过": []>
   Which: means none were found but one was expected

When the exception was thrown, this was the stack:
#4      main.<anonymous closure> (file:///Users/runner/work/Venera-Max/Venera-Max/test/customization_settings_test.dart:237:7)
<asynchronous suspension>
#5      testWidgets.<anonymous closure>.<anonymous closure> (package:flutter_test/src/widget_tester.dart:192:15)
<asynchronous suspension>
#6      TestWidgetsFlutterBinding._runTestBody (package:flutter_test/src/binding.dart:1952:5)
<asynchronous suspension>
<asynchronous suspension>
(elided one frame from package:stack_trace)

This was caught by the test expectation on the following line:
  file:///Users/runner/work/Venera-Max/Venera-Max/test/customization_settings_test.dart line 237
The test description was:
  script editor has help and clear test feedback at Size(1280.0, 820.0)
════════════════════════════════════════════════════════════════════════════════════════════════════
Test failed. See exception logs above.
The test description was: script editor has help and clear test feedback at Size(1280.0, 820.0)

::endgroup::
::group::❌ /Users/runner/work/Venera-Max/Venera-Max/test/customization_settings_test.dart: script editor has help and clear test feedback at Size(360.0, 760.0) (failed)
══╡ EXCEPTION CAUGHT BY FLUTTER TEST FRAMEWORK ╞════════════════════════════════════════════════════
The following TestFailure was thrown running a test:
Expected: exactly one matching candidate
  Actual: _TextWidgetFinder:<Found 0 widgets with text "测试通过": []>
   Which: means none were found but one was expected

When the exception was thrown, this was the stack:
#4      main.<anonymous closure> (file:///Users/runner/work/Venera-Max/Venera-Max/test/customization_settings_test.dart:237:7)
<asynchronous suspension>
#5      testWidgets.<anonymous closure>.<anonymous closure> (package:flutter_test/src/widget_tester.dart:192:15)
<asynchronous suspension>
#6      TestWidgetsFlutterBinding._runTestBody (package:flutter_test/src/binding.dart:1952:5)
<asynchronous suspension>
<asynchronous suspension>
(elided one frame from package:stack_trace)

This was caught by the test expectation on the following line:
  file:///Users/runner/work/Venera-Max/Venera-Max/test/customization_settings_test.dart line 237
The test description was:
  script editor has help and clear test feedback at Size(360.0, 760.0)
════════════════════════════════════════════════════════════════════════════════════════════════════
Test failed. See exception logs above.
The test description was: script editor has help and clear test feedback at Size(360.0, 760.0)

::endgroup::
✅ /Users/runner/work/Venera-Max/Venera-Max/test/epub_export_test.dart: every chapter and image reference resolves, including the last page
✅ /Users/runner/work/Venera-Max/Venera-Max/test/epub_export_test.dart: titles and chapter names remain valid XML
✅ /Users/runner/work/Venera-Max/Venera-Max/test/epub_export_test.dart: mimetype is the first ZIP entry and is stored without extra fields
✅ /Users/runner/work/Venera-Max/Venera-Max/test/epub_export_test.dart: later pages survive a SAF-style empty bulk read
✅ /Users/runner/work/Venera-Max/Venera-Max/test/epub_export_test.dart: partial file reads preserve all image bytes
✅ /Users/runner/work/Venera-Max/Venera-Max/test/epub_export_test.dart: premature end of an image fails and removes the output
✅ /Users/runner/work/Venera-Max/Venera-Max/test/epub_export_test.dart: same-named local chapters are preserved through the export isolate
✅ /Users/runner/work/Venera-Max/Venera-Max/test/epub_export_test.dart: missing or empty later pages fail without leaving an incomplete EPUB
✅ /Users/runner/work/Venera-Max/Venera-Max/test/epub_export_test.dart: many-chapter archive preserves size and the final page
✅ /Users/runner/work/Venera-Max/Venera-Max/test/home_comic_hero_test.dart: home covers survive navigation with 1 sources
✅ /Users/runner/work/Venera-Max/Venera-Max/test/home_comic_hero_test.dart: home covers survive navigation with 2 sources
✅ /Users/runner/work/Venera-Max/Venera-Max/test/llm_provider_editor_layout_test.dart: add-provider dialog lays out and switches service type
✅ /Users/runner/work/Venera-Max/Venera-Max/test/llm_provider_editor_layout_test.dart: script editor fits a narrow screen
✅ /Users/runner/work/Venera-Max/Venera-Max/test/pdf_import_test.dart: file picker accepts uppercase PDF and routes it to the PDF importer
::group::❌ /Users/runner/work/Venera-Max/Venera-Max/test/pdf_import_test.dart: renders PDF pages in reader order, with a cover and bounded sizes (failed)
Exception in BackgroundWorker.compute callback: Exception: Failed to load PDFium module: Exception: Tried to load the default PDFium module but it failed: Unsupported operation: Unsupported platform. Then tried to load the bundled native asset, but that also failed: Exception: Native assets file not found.
package:pdfium_dart/src/pdfium_loader.dart 31:5         getPdfium
package:pdfrx_engine/src/native/pdfium.dart 11:31       pdfium
package:pdfrx_engine/src/native/pdfrx_pdfium.dart 57:7  _init.<fn>.<fn>
package:pdfrx_engine/src/native/worker.dart 182:43      _ExecuteParams.execute.asFuture
package:pdfrx_engine/src/native/worker.dart 183:5       _ExecuteParams.execute
package:pdfrx_engine/src/native/worker.dart 80:19       BackgroundWorker._workerEntry.<fn>
::endgroup::
::group::❌ /Users/runner/work/Venera-Max/Venera-Max/test/pdf_import_test.dart: failed conversion removes its pages without touching existing folders (failed)
Expected: throws <Instance of 'FileSystemException'>
  Actual: <Instance of 'Future<LocalComic>'>
   Which: threw _WorkerComputeException:<Exception in BackgroundWorker.compute callback: Exception: Failed to load PDFium module: Exception: Tried to load the default PDFium module but it failed: Unsupported operation: Unsupported platform. Then tried to load the bundled native asset, but that also failed: Exception: Native assets file not found.>
          stack package:pdfium_dart/src/pdfium_loader.dart 31:5         getPdfium
                package:pdfrx_engine/src/native/pdfium.dart 11:31       pdfium
                package:pdfrx_engine/src/native/pdfrx_pdfium.dart 57:7  _init.<fn>.<fn>
                package:pdfrx_engine/src/native/worker.dart 182:43      _ExecuteParams.execute.asFuture
                package:pdfrx_engine/src/native/worker.dart 183:5       _ExecuteParams.execute
                package:pdfrx_engine/src/native/worker.dart 80:19       BackgroundWorker._workerEntry.<fn>
                ===== asynchronous gap ===========================
                package:matcher                                         expectLater
                package:flutter_test/src/widget_tester.dart 507:8       expectLater
                test/pdf_import_test.dart 125:13                        main.<fn>
                
          which is not an instance of 'FileSystemException'

package:matcher                                    expectLater
package:flutter_test/src/widget_tester.dart 507:8  expectLater
test/pdf_import_test.dart 125:13                   main.<fn>
::endgroup::
✅ /Users/runner/work/Venera-Max/Venera-Max/test/pdf_import_test.dart: rejects damaged and empty PDFs without leaving a comic directory
::group::❌ /Users/runner/work/Venera-Max/Venera-Max/test/script_translator_test.dart: passes languages, text and glossary through an async script (failed)
Invalid argument(s): Failed to load dynamic library 'flutter_qjs.framework/flutter_qjs': dlopen(flutter_qjs.framework/flutter_qjs, 0x0001): tried: 'flutter_qjs.framework/flutter_qjs' (no such file), '/System/Volumes/Preboot/Cryptexes/OSflutter_qjs.framework/flutter_qjs' (no such file), '/Users/runner/hostedtoolcache/flutter/stable-3.44.3-x64/flutter/bin/cache/artifacts/engine/darwin-x64/./flutter_qjs.framework/flutter_qjs' (no such file), '/usr/local/lib/./flutter_qjs.framework/flutter_qjs' (no such file), '/System/Volumes/Preboot/Cryptexes/OS/usr/local/lib/./flutter_qjs.framework/flutter_qjs' (no such file), '/Users/runner/hostedtoolcache/flutter/stable-3.44.3-x64/flutter/bin/cache/artifacts/engine/darwin-x64/../../../flutter_qjs.framework/flutter_qjs' (no such file), '/Users/runner/hostedtoolcache/flutter/stable-3.44.3-x64/flutter/bin/cache/artifacts/engine/darwin-x64/Frameworks/flutter_qjs.framework/flutter_qjs' (no such file), '/Users/runner/hostedtoolcache/flutter/stable-3.44.3-x64/flutter/bin/cache/artifacts/engine/darwin-x64/./flutter_qjs.framework/flutter_qjs' (no such file), '/usr/local/lib/./flutter_qjs.framework/flutter_qjs' (no such file), '/System/Volumes/Preboot/Cryptexes/OS/usr/local/lib/./flutter_qjs.framework/flutter_qjs' (no such file), '/Users/runner/hostedtoolcache/flutter/stable-3.44.3-x64/flutter/bin/cache/artifacts/engine/darwin-x64/../../../flutter_qjs.framework/flutter_qjs' (no such file), '/Users/runner/hostedtoolcache/flutter/stable-3.44.3-x64/flutter/bin/cache/artifacts/engine/darwin-x64/Frameworks/flutter_qjs.framework/flutter_qjs' (no such file), '/usr/lib/flutter_qjs.framework/flutter_qjs' (no such file, not in dyld cache), 'flutter_qjs.framework/flutter_qjs' (no such file)
dart:ffi                                                                   new DynamicLibrary.open
package:flutter_qjs/src/ffi.dart 119:27                                    _qjsLib.<fn>
package:flutter_qjs/src/ffi.dart 131:2                                     _qjsLib
package:flutter_qjs/src/ffi.dart                                           _qjsLib
package:flutter_qjs/src/ffi.dart 165:19                                    _jsNewRuntime
package:flutter_qjs/src/ffi.dart                                           _jsNewRuntime
package:flutter_qjs/src/ffi.dart 213:14                                    jsNewRuntime
package:flutter_qjs/src/engine.dart 49:16                                  FlutterQjs._ensureEngine
package:flutter_qjs/src/engine.dart 166:5                                  FlutterQjs.evaluate
package:venera/foundation/image_translation/script_translator.dart 102:18  ScriptTranslator.translate
::endgroup::
::group::❌ /Users/runner/work/Venera-Max/Venera-Max/test/script_translator_test.dart: custom request method, headers and response mapping reach the adapter (failed)
Invalid argument(s): Failed to load dynamic library 'flutter_qjs.framework/flutter_qjs': dlopen(flutter_qjs.framework/flutter_qjs, 0x0001): tried: 'flutter_qjs.framework/flutter_qjs' (no such file), '/System/Volumes/Preboot/Cryptexes/OSflutter_qjs.framework/flutter_qjs' (no such file), '/Users/runner/hostedtoolcache/flutter/stable-3.44.3-x64/flutter/bin/cache/artifacts/engine/darwin-x64/./flutter_qjs.framework/flutter_qjs' (no such file), '/usr/local/lib/./flutter_qjs.framework/flutter_qjs' (no such file), '/System/Volumes/Preboot/Cryptexes/OS/usr/local/lib/./flutter_qjs.framework/flutter_qjs' (no such file), '/Users/runner/hostedtoolcache/flutter/stable-3.44.3-x64/flutter/bin/cache/artifacts/engine/darwin-x64/../../../flutter_qjs.framework/flutter_qjs' (no such file), '/Users/runner/hostedtoolcache/flutter/stable-3.44.3-x64/flutter/bin/cache/artifacts/engine/darwin-x64/Frameworks/flutter_qjs.framework/flutter_qjs' (no such file), '/Users/runner/hostedtoolcache/flutter/stable-3.44.3-x64/flutter/bin/cache/artifacts/engine/darwin-x64/./flutter_qjs.framework/flutter_qjs' (no such file), '/usr/local/lib/./flutter_qjs.framework/flutter_qjs' (no such file), '/System/Volumes/Preboot/Cryptexes/OS/usr/local/lib/./flutter_qjs.framework/flutter_qjs' (no such file), '/Users/runner/hostedtoolcache/flutter/stable-3.44.3-x64/flutter/bin/cache/artifacts/engine/darwin-x64/../../../flutter_qjs.framework/flutter_qjs' (no such file), '/Users/runner/hostedtoolcache/flutter/stable-3.44.3-x64/flutter/bin/cache/artifacts/engine/darwin-x64/Frameworks/flutter_qjs.framework/flutter_qjs' (no such file), '/usr/lib/flutter_qjs.framework/flutter_qjs' (no such file, not in dyld cache), 'flutter_qjs.framework/flutter_qjs' (no such file)
dart:ffi                                                                   new DynamicLibrary.open
package:flutter_qjs/src/ffi.dart 119:27                                    _qjsLib.<fn>
package:flutter_qjs/src/ffi.dart 131:2                                     _qjsLib
package:flutter_qjs/src/ffi.dart                                           _qjsLib
package:flutter_qjs/src/ffi.dart 165:19                                    _jsNewRuntime
package:flutter_qjs/src/ffi.dart                                           _jsNewRuntime
package:flutter_qjs/src/ffi.dart 213:14                                    jsNewRuntime
package:flutter_qjs/src/engine.dart 49:16                                  FlutterQjs._ensureEngine
package:flutter_qjs/src/engine.dart 166:5                                  FlutterQjs.evaluate
package:venera/foundation/image_translation/script_translator.dart 102:18  ScriptTranslator.translate
::endgroup::
::group::❌ /Users/runner/work/Venera-Max/Venera-Max/test/script_translator_test.dart: bad output, exceptions and missing function fail instead of misaligning text (failed)
Expected: throws satisfies function
  Actual: <Instance of 'Future<LlmTranslationResult>'>
   Which: threw ArgumentError:<Invalid argument(s): Failed to load dynamic library 'flutter_qjs.framework/flutter_qjs': dlopen(flutter_qjs.framework/flutter_qjs, 0x0001): tried: 'flutter_qjs.framework/flutter_qjs' (no such file), '/System/Volumes/Preboot/Cryptexes/OSflutter_qjs.framework/flutter_qjs' (no such file), '/Users/runner/hostedtoolcache/flutter/stable-3.44.3-x64/flutter/bin/cache/artifacts/engine/darwin-x64/./flutter_qjs.framework/flutter_qjs' (no such file), '/usr/local/lib/./flutter_qjs.framework/flutter_qjs' (no such file), '/System/Volumes/Preboot/Cryptexes/OS/usr/local/lib/./flutter_qjs.framework/flutter_qjs' (no such file), '/Users/runner/hostedtoolcache/flutter/stable-3.44.3-x64/flutter/bin/cache/artifacts/engine/darwin-x64/../../../flutter_qjs.framework/flutter_qjs' (no such file), '/Users/runner/hostedtoolcache/flutter/stable-3.44.3-x64/flutter/bin/cache/artifacts/engine/darwin-x64/Frameworks/flutter_qjs.framework/flutter_qjs' (no such file), '/Users/runner/hostedtoolcache/flutter/stable-3.44.3-x64/flutter/bin/cache/artifacts/engine/darwin-x64/./flutter_qjs.framework/flutter_qjs' (no such file), '/usr/local/lib/./flutter_qjs.framework/flutter_qjs' (no such file), '/System/Volumes/Preboot/Cryptexes/OS/usr/local/lib/./flutter_qjs.framework/flutter_qjs' (no such file), '/Users/runner/hostedtoolcache/flutter/stable-3.44.3-x64/flutter/bin/cache/artifacts/engine/darwin-x64/../../../flutter_qjs.framework/flutter_qjs' (no such file), '/Users/runner/hostedtoolcache/flutter/stable-3.44.3-x64/flutter/bin/cache/artifacts/engine/darwin-x64/Frameworks/flutter_qjs.framework/flutter_qjs' (no such file), '/usr/lib/flutter_qjs.framework/flutter_qjs' (no such file, not in dyld cache), 'flutter_qjs.framework/flutter_qjs' (no such file)>
          stack dart:ffi                                                                   new DynamicLibrary.open
                package:flutter_qjs/src/ffi.dart 119:27                                    _qjsLib.<fn>
                package:flutter_qjs/src/ffi.dart 131:2                                     _qjsLib
                package:flutter_qjs/src/ffi.dart                                           _qjsLib
                package:flutter_qjs/src/ffi.dart 165:19                                    _jsNewRuntime
                package:flutter_qjs/src/ffi.dart                                           _jsNewRuntime
                package:flutter_qjs/src/ffi.dart 213:14                                    jsNewRuntime
                package:flutter_qjs/src/engine.dart 49:16                                  FlutterQjs._ensureEngine
                package:flutter_qjs/src/engine.dart 166:5                                  FlutterQjs.evaluate
                package:venera/foundation/image_translation/script_translator.dart 102:18  ScriptTranslator.translate
                ===== asynchronous gap ===========================
                package:matcher                                                            expectLater
                package:flutter_test/src/widget_tester.dart 507:8                          expectLater
                test/script_translator_test.dart 103:15                                    main.<fn>

package:matcher                                    expectLater
package:flutter_test/src/widget_tester.dart 507:8  expectLater
test/script_translator_test.dart 103:15            main.<fn>
::endgroup::
::group::❌ /Users/runner/work/Venera-Max/Venera-Max/test/script_translator_test.dart: unsettled promise times out and a later script still runs (failed)
Expected: throws satisfies function
  Actual: <Instance of 'Future<LlmTranslationResult>'>
   Which: threw ArgumentError:<Invalid argument(s): Failed to load dynamic library 'flutter_qjs.framework/flutter_qjs': dlopen(flutter_qjs.framework/flutter_qjs, 0x0001): tried: 'flutter_qjs.framework/flutter_qjs' (no such file), '/System/Volumes/Preboot/Cryptexes/OSflutter_qjs.framework/flutter_qjs' (no such file), '/Users/runner/hostedtoolcache/flutter/stable-3.44.3-x64/flutter/bin/cache/artifacts/engine/darwin-x64/./flutter_qjs.framework/flutter_qjs' (no such file), '/usr/local/lib/./flutter_qjs.framework/flutter_qjs' (no such file), '/System/Volumes/Preboot/Cryptexes/OS/usr/local/lib/./flutter_qjs.framework/flutter_qjs' (no such file), '/Users/runner/hostedtoolcache/flutter/stable-3.44.3-x64/flutter/bin/cache/artifacts/engine/darwin-x64/../../../flutter_qjs.framework/flutter_qjs' (no such file), '/Users/runner/hostedtoolcache/flutter/stable-3.44.3-x64/flutter/bin/cache/artifacts/engine/darwin-x64/Frameworks/flutter_qjs.framework/flutter_qjs' (no such file), '/Users/runner/hostedtoolcache/flutter/stable-3.44.3-x64/flutter/bin/cache/artifacts/engine/darwin-x64/./flutter_qjs.framework/flutter_qjs' (no such file), '/usr/local/lib/./flutter_qjs.framework/flutter_qjs' (no such file), '/System/Volumes/Preboot/Cryptexes/OS/usr/local/lib/./flutter_qjs.framework/flutter_qjs' (no such file), '/Users/runner/hostedtoolcache/flutter/stable-3.44.3-x64/flutter/bin/cache/artifacts/engine/darwin-x64/../../../flutter_qjs.framework/flutter_qjs' (no such file), '/Users/runner/hostedtoolcache/flutter/stable-3.44.3-x64/flutter/bin/cache/artifacts/engine/darwin-x64/Frameworks/flutter_qjs.framework/flutter_qjs' (no such file), '/usr/lib/flutter_qjs.framework/flutter_qjs' (no such file, not in dyld cache), 'flutter_qjs.framework/flutter_qjs' (no such file)>
          stack dart:ffi                                                                   new DynamicLibrary.open
                package:flutter_qjs/src/ffi.dart 119:27                                    _qjsLib.<fn>
                package:flutter_qjs/src/ffi.dart 131:2                                     _qjsLib
                package:flutter_qjs/src/ffi.dart                                           _qjsLib
                package:flutter_qjs/src/ffi.dart 165:19                                    _jsNewRuntime
                package:flutter_qjs/src/ffi.dart                                           _jsNewRuntime
                package:flutter_qjs/src/ffi.dart 213:14                                    jsNewRuntime
                package:flutter_qjs/src/engine.dart 49:16                                  FlutterQjs._ensureEngine
                package:flutter_qjs/src/engine.dart 166:5                                  FlutterQjs.evaluate
                package:venera/foundation/image_translation/script_translator.dart 102:18  ScriptTranslator.translate
                ===== asynchronous gap ===========================
                package:matcher                                                            expectLater
                package:flutter_test/src/widget_tester.dart 507:8                          expectLater
                test/script_translator_test.dart 119:11                                    main.<fn>

package:matcher                                    expectLater
package:flutter_test/src/widget_tester.dart 507:8  expectLater
test/script_translator_test.dart 119:11            main.<fn>
::endgroup::
::group::❌ /Users/runner/work/Venera-Max/Venera-Max/test/script_translator_test.dart: infinite JavaScript is interrupted (failed)
Expected: throws satisfies function
  Actual: <Instance of 'Future<LlmTranslationResult>'>
   Which: threw ArgumentError:<Invalid argument(s): Failed to load dynamic library 'flutter_qjs.framework/flutter_qjs': dlopen(flutter_qjs.framework/flutter_qjs, 0x0001): tried: 'flutter_qjs.framework/flutter_qjs' (no such file), '/System/Volumes/Preboot/Cryptexes/OSflutter_qjs.framework/flutter_qjs' (no such file), '/Users/runner/hostedtoolcache/flutter/stable-3.44.3-x64/flutter/bin/cache/artifacts/engine/darwin-x64/./flutter_qjs.framework/flutter_qjs' (no such file), '/usr/local/lib/./flutter_qjs.framework/flutter_qjs' (no such file), '/System/Volumes/Preboot/Cryptexes/OS/usr/local/lib/./flutter_qjs.framework/flutter_qjs' (no such file), '/Users/runner/hostedtoolcache/flutter/stable-3.44.3-x64/flutter/bin/cache/artifacts/engine/darwin-x64/../../../flutter_qjs.framework/flutter_qjs' (no such file), '/Users/runner/hostedtoolcache/flutter/stable-3.44.3-x64/flutter/bin/cache/artifacts/engine/darwin-x64/Frameworks/flutter_qjs.framework/flutter_qjs' (no such file), '/Users/runner/hostedtoolcache/flutter/stable-3.44.3-x64/flutter/bin/cache/artifacts/engine/darwin-x64/./flutter_qjs.framework/flutter_qjs' (no such file), '/usr/local/lib/./flutter_qjs.framework/flutter_qjs' (no such file), '/System/Volumes/Preboot/Cryptexes/OS/usr/local/lib/./flutter_qjs.framework/flutter_qjs' (no such file), '/Users/runner/hostedtoolcache/flutter/stable-3.44.3-x64/flutter/bin/cache/artifacts/engine/darwin-x64/../../../flutter_qjs.framework/flutter_qjs' (no such file), '/Users/runner/hostedtoolcache/flutter/stable-3.44.3-x64/flutter/bin/cache/artifacts/engine/darwin-x64/Frameworks/flutter_qjs.framework/flutter_qjs' (no such file), '/usr/lib/flutter_qjs.framework/flutter_qjs' (no such file, not in dyld cache), 'flutter_qjs.framework/flutter_qjs' (no such file)>
          stack dart:ffi                                                                   new DynamicLibrary.open
                package:flutter_qjs/src/ffi.dart 119:27                                    _qjsLib.<fn>
                package:flutter_qjs/src/ffi.dart 131:2                                     _qjsLib
                package:flutter_qjs/src/ffi.dart                                           _qjsLib
                package:flutter_qjs/src/ffi.dart 165:19                                    _jsNewRuntime
                package:flutter_qjs/src/ffi.dart                                           _jsNewRuntime
                package:flutter_qjs/src/ffi.dart 213:14                                    jsNewRuntime
                package:flutter_qjs/src/engine.dart 49:16                                  FlutterQjs._ensureEngine
                package:flutter_qjs/src/engine.dart 166:5                                  FlutterQjs.evaluate
                package:venera/foundation/image_translation/script_translator.dart 102:18  ScriptTranslator.translate
                ===== asynchronous gap ===========================
                package:matcher                                                            expectLater
                package:flutter_test/src/widget_tester.dart 507:8                          expectLater
                test/script_translator_test.dart 143:11                                    main.<fn>

package:matcher                                    expectLater
package:flutter_test/src/widget_tester.dart 507:8  expectLater
test/script_translator_test.dart 143:11            main.<fn>
::endgroup::
✅ /Users/runner/work/Venera-Max/Venera-Max/test/script_translator_test.dart: provider metadata round-trips while scripts stay device-local
✅ /Users/runner/work/Venera-Max/Venera-Max/test/settings_menu_order_test.dart: settings categories follow the requested order
✅ /Users/runner/work/Venera-Max/Venera-Max/test/settings_menu_order_test.dart: app category contains appearance settings
✅ /Users/runner/work/Venera-Max/Venera-Max/test/settings_menu_order_test.dart: custom translation scripts are searchable in en-US
✅ /Users/runner/work/Venera-Max/Venera-Max/test/settings_menu_order_test.dart: custom translation scripts are searchable in zh-CN
✅ /Users/runner/work/Venera-Max/Venera-Max/test/settings_menu_order_test.dart: custom translation scripts are searchable in zh-TW
✅ /Users/runner/work/Venera-Max/Venera-Max/test/settings_navigation_test.dart: wide settings starts populated and switches categories
✅ /Users/runner/work/Venera-Max/Venera-Max/test/settings_navigation_test.dart: search expands a collapsed group and can change target in the same category
✅ /Users/runner/work/Venera-Max/Venera-Max/test/settings_navigation_test.dart: unavailable settings explain the prerequisite without enabling it
✅ /Users/runner/work/Venera-Max/Venera-Max/test/settings_navigation_test.dart: AI translation opens separately and keeps the comic context
✅ /Users/runner/work/Venera-Max/Venera-Max/test/settings_navigation_test.dart: mobile localized search navigates to the actual control in zh-CN
✅ /Users/runner/work/Venera-Max/Venera-Max/test/settings_navigation_test.dart: mobile localized search navigates to the actual control in zh-TW
✅ /Users/runner/work/Venera-Max/Venera-Max/test/settings_scope_test.dart: resetting one override restores inheritance and keeps other overrides
✅ /Users/runner/work/Venera-Max/Venera-Max/test/settings_scope_test.dart: chapter-end options follow device mode instead of global mode
✅ /Users/runner/work/Venera-Max/Venera-Max/test/settings_scope_test.dart: translation summary follows device defaults without changing global settings
✅ /Users/runner/work/Venera-Max/Venera-Max/test/settings_scope_test.dart: restoring an individual control updates its value and source label
✅ /Users/runner/work/Venera-Max/Venera-Max/test/settings_slider_save_test.dart: slider previews in memory and saves once on release
✅ /Users/runner/work/Venera-Max/Venera-Max/test/settings_slider_save_test.dart: slider previews in memory and saves once on page exit
✅ /Users/runner/work/Venera-Max/Venera-Max/test/settings_slider_save_test.dart: translation slider saves its custom preset with the final value
✅ /Users/runner/work/Venera-Max/Venera-Max/test/task_list_test.dart: large task lists build only visible cards and search resets scroll
✅ /Users/runner/work/Venera-Max/Venera-Max/test/task_list_test.dart: type and status filters intersect and empty results can be cleared
✅ /Users/runner/work/Venera-Max/Venera-Max/test/task_list_test.dart: expanded card state follows identity when task order changes
✅ /Users/runner/work/Venera-Max/Venera-Max/test/task_list_test.dart: narrow task controls fit large text in en-US
✅ /Users/runner/work/Venera-Max/Venera-Max/test/task_list_test.dart: narrow task controls fit large text in zh-CN
✅ /Users/runner/work/Venera-Max/Venera-Max/test/task_list_test.dart: narrow task controls fit large text in zh-TW
✅ /Users/runner/work/Venera-Max/Venera-Max/test/tasks_page_test.dart: canceling a paused task moves it to history with updated counts
✅ /Users/runner/work/Venera-Max/Venera-Max/test/tasks_page_test.dart: long confirmation actions fit narrow screens with large text
✅ /Users/runner/work/Venera-Max/Venera-Max/test/tasks_page_test.dart: following a task link keeps its card expanded
✅ /Users/runner/work/Venera-Max/Venera-Max/test/tasks_page_test.dart: an expanded upload can finish and open history in en-US
✅ /Users/runner/work/Venera-Max/Venera-Max/test/tasks_page_test.dart: an expanded upload can finish and open history in zh-CN
✅ /Users/runner/work/Venera-Max/Venera-Max/test/tasks_page_test.dart: an expanded upload can finish and open history in zh-TW
✅ /Users/runner/work/Venera-Max/Venera-Max/test/filter_group_capability_test.dart: legacy JM: absent metadata does not disable search-tag multi-select
✅ /Users/runner/work/Venera-Max/Venera-Max/test/filter_group_capability_test.dart: explicit empty metadata is not the same as absent metadata
✅ /Users/runner/work/Venera-Max/Venera-Max/test/filter_group_capability_test.dart: explicit group declarations are honored
✅ /Users/runner/work/Venera-Max/Venera-Max/test/filter_group_capability_test.dart: plain loader or empty group is not server multi-filter capability
✅ /Users/runner/work/Venera-Max/Venera-Max/test/filter_group_capability_test.dart: native category keys must not accidentally enable same-row multi-select
✅ /Users/runner/work/Venera-Max/Venera-Max/test/filter_group_capability_test.dart: all selected values reach category and search requests on every page
✅ /Users/runner/work/Venera-Max/Venera-Max/test/lizi_api_client_test.dart: native community signer matches independently computed protocol vector
✅ /Users/runner/work/Venera-Max/Venera-Max/test/lizi_api_client_test.dart: signer preserves encoded/multiple query values and replaces stale signatures
✅ /Users/runner/work/Venera-Max/Venera-Max/test/lizi_api_client_test.dart: configuration includes public official parameters, never authorization
::group::✅ /Users/runner/work/Venera-Max/Venera-Max/test/lizi_api_client_test.dart: bad HTML response fails primary; only valid fallback JSON pins the host
GET /app/api/community/posts @ http://ai.xajtl.com -> HTTP 200 (HTML 錯誤頁)
GET /app/api/community/posts @ http://ai.qsmm.fun -> HTTP 200
GET /app/api/community/posts @ http://ai.qsmm.fun -> HTTP 200
::endgroup::
::group::✅ /Users/runner/work/Venera-Max/Venera-Max/test/lizi_api_client_test.dart: both hosts failing report safe HTTP/path diagnostics, not a signed URL
GET /app/api/community/posts @ http://ai.xajtl.com -> HTTP 403
GET /app/api/community/posts @ http://ai.qsmm.fun -> HTTP 403
::endgroup::
::group::✅ /Users/runner/work/Venera-Max/Venera-Max/test/lizi_api_client_test.dart: primary network error recovers through valid fallback
GET /app/api/rank/list @ http://ai.xajtl.com failed: Exception: DNS error
GET /app/api/rank/list @ http://ai.qsmm.fun -> HTTP 200
::endgroup::
✅ /Users/runner/work/Venera-Max/Venera-Max/test/lizi_api_client_test.dart: official community payload models match live field types
✅ /Users/runner/work/Venera-Max/Venera-Max/test/reader_customizations_test.dart: RTL spreads retain their original page ordinals
✅ /Users/runner/work/Venera-Max/Venera-Max/test/reader_customizations_test.dart: same URL reused by two pages does not alias translated image cache
✅ /Users/runner/work/Venera-Max/Venera-Max/test/reader_customizations_test.dart: current page wins then future pages then prior pages
✅ /Users/runner/work/Venera-Max/Venera-Max/test/reader_customizations_test.dart: region/status OR, rows AND, tag anchor preserved
✅ /Users/runner/work/Venera-Max/Venera-Max/test/reader_customizations_test.dart: all/reset does not filter
✅ /Users/runner/work/Venera-Max/Venera-Max/test/reader_customizations_test.dart: all selected tags required, not first-page intersection
✅ /Users/runner/work/Venera-Max/Venera-Max/test/reader_customizations_test.dart: one short page still accepts drag and overscroll
✅ /Users/runner/work/Venera-Max/Venera-Max/test/reader_customizations_test.dart: collapsed grid expands and jumps to a distant chapter
✅ /Users/runner/work/Venera-Max/Venera-Max/test/translation_performance_config_test.dart: unknown and old settings default to balanced
✅ /Users/runner/work/Venera-Max/Venera-Max/test/translation_performance_config_test.dart: mobile presets stay below desktop concurrency
✅ /Users/runner/work/Venera-Max/Venera-Max/test/translation_performance_config_test.dart: saver uses one unit of every resource
✅ /Users/runner/work/Venera-Max/Venera-Max/test/translation_performance_config_test.dart: mobile presets stay within mobile-safe ceilings
✅ /Users/runner/work/Venera-Max/Venera-Max/test/translation_performance_config_test.dart: mobile custom values clamp desktop-sized synced settings
✅ /Users/runner/work/Venera-Max/Venera-Max/test/translation_performance_config_test.dart: custom request concurrency can grow to six/eight, still bounded
✅ /Users/runner/work/Venera-Max/Venera-Max/test/translation_performance_config_test.dart: mobile Japanese pipeline keeps one group in flight
✅ /Users/runner/work/Venera-Max/Venera-Max/test/translation_performance_config_test.dart: desktop batch pipeline obeys image memory budget
✅ /Users/runner/work/Venera-Max/Venera-Max/test/translation_performance_config_test.dart: performance tuning is excluded from cross-device sync
✅ /Users/runner/work/Venera-Max/Venera-Max/test/image_translation_rate_limiter_test.dart: classifyStatus 429 and 503 are rate limited
✅ /Users/runner/work/Venera-Max/Venera-Max/test/image_translation_rate_limiter_test.dart: classifyStatus other 4xx are client errors
✅ /Users/runner/work/Venera-Max/Venera-Max/test/image_translation_rate_limiter_test.dart: classifyStatus 5xx (except 503) are transient
✅ /Users/runner/work/Venera-Max/Venera-Max/test/image_translation_rate_limiter_test.dart: parseRetryAfter integer seconds
✅ /Users/runner/work/Venera-Max/Venera-Max/test/image_translation_rate_limiter_test.dart: parseRetryAfter clamps to 300s
✅ /Users/runner/work/Venera-Max/Venera-Max/test/image_translation_rate_limiter_test.dart: parseRetryAfter null/empty/non-integer -> null
✅ /Users/runner/work/Venera-Max/Venera-Max/test/image_translation_rate_limiter_test.dart: backoff honors retryAfter, capped at 32s
✅ /Users/runner/work/Venera-Max/Venera-Max/test/image_translation_rate_limiter_test.dart: backoff full jitter scales with attempt
✅ /Users/runner/work/Venera-Max/Venera-Max/test/image_translation_rate_limiter_test.dart: ConcurrencyGate ten reader/background requests share at most six slots
✅ /Users/runner/work/Venera-Max/Venera-Max/test/image_translation_rate_limiter_test.dart: ConcurrencyGate caps concurrent holders and hands slot to waiter on release
✅ /Users/runner/work/Venera-Max/Venera-Max/test/image_translation_rate_limiter_test.dart: ConcurrencyGate separate buckets are independent
✅ /Users/runner/work/Venera-Max/Venera-Max/test/image_translation_rate_limiter_test.dart: ConcurrencyGate maxWait gives up instead of waiting forever
✅ /Users/runner/work/Venera-Max/Venera-Max/test/image_translation_rate_limiter_test.dart: ConcurrencyGate a timed-out waiter does not consume a later release
✅ /Users/runner/work/Venera-Max/Venera-Max/test/image_translation_rate_limiter_test.dart: ConcurrencyGate no maxWait keeps the original unbounded behavior
✅ /Users/runner/work/Venera-Max/Venera-Max/test/image_translation_rate_limiter_test.dart: AimdController starts at max, halves on rate limit, grows after cooldown
✅ /Users/runner/work/Venera-Max/Venera-Max/test/image_translation_rate_limiter_test.dart: AimdController never drops below min
✅ /Users/runner/work/Venera-Max/Venera-Max/test/translation_config_per_comic_test.dart: falls back to the global values when no override exists
✅ /Users/runner/work/Venera-Max/Venera-Max/test/translation_config_per_comic_test.dart: a per-comic override does not leak to another comic
✅ /Users/runner/work/Venera-Max/Venera-Max/test/translation_config_per_comic_test.dart: two comics hold independent language pairs at the same time
✅ /Users/runner/work/Venera-Max/Venera-Max/test/translation_config_per_comic_test.dart: an override is ignored while the per-comic switch is off
✅ /Users/runner/work/Venera-Max/Venera-Max/test/translation_config_per_comic_test.dart: text-removal mode is per-comic and drives the render cache key
✅ /Users/runner/work/Venera-Max/Venera-Max/test/translation_config_per_comic_test.dart: the cache prefix separates comics reading different languages
✅ /Users/runner/work/Venera-Max/Venera-Max/test/translation_config_per_comic_test.dart: the cache prefix uses the per-line erase generation
✅ /Users/runner/work/Venera-Max/Venera-Max/test/translation_config_per_comic_test.dart: local comics resolve without a source key
✅ /Users/runner/work/Venera-Max/Venera-Max/test/translation_config_per_comic_test.dart: a device-level override applies when no per-comic value is set
✅ /Users/runner/work/Venera-Max/Venera-Max/test/translation_config_per_comic_test.dart: page cache keys are independent of how the page is fetched the same page maps to one key whether online or downloaded
✅ /Users/runner/work/Venera-Max/Venera-Max/test/translation_config_per_comic_test.dart: page cache keys are independent of how the page is fetched distinct pages, chapters and comics stay distinct
✅ /Users/runner/work/Venera-Max/Venera-Max/test/translation_config_per_comic_test.dart: page cache keys are independent of how the page is fetched the key stays under its chapter scope prefix so deletes match
✅ /Users/runner/work/Venera-Max/Venera-Max/test/translation_config_per_comic_test.dart: page cache keys are independent of how the page is fetched a sibling page number does not prefix-match another
✅ /Users/runner/work/Venera-Max/Venera-Max/test/translation_config_per_comic_test.dart: page cache keys are independent of how the page is fetched the legacy key reproduces the old transport-derived shape
✅ /Users/runner/work/Venera-Max/Venera-Max/test/translation_store_schema_test.dart: TranslationStore.migrateSchema adds a column missing from an older own schema
✅ /Users/runner/work/Venera-Max/Venera-Max/test/translation_store_schema_test.dart: TranslationStore.migrateSchema rebuilds to the canonical schema when a foreign column is present
✅ /Users/runner/work/Venera-Max/Venera-Max/test/translation_store_schema_test.dart: TranslationStore.migrateSchema is a no-op when the schema already matches
✅ /Users/runner/work/Venera-Max/Venera-Max/test/translation_store_schema_test.dart: TranslationStore.migrateLegacyKeys rewrites generation 1 keys into the current generation
✅ /Users/runner/work/Venera-Max/Venera-Max/test/translation_store_schema_test.dart: TranslationStore.migrateLegacyKeys leaves current and future generations alone
✅ /Users/runner/work/Venera-Max/Venera-Max/test/translation_store_schema_test.dart: TranslationStore.migrateLegacyKeys keeps the newer row when the page was re-translated after upgrading
✅ /Users/runner/work/Venera-Max/Venera-Max/test/translation_store_schema_test.dart: TranslationStore.migrateLegacyKeys is idempotent across restarts
✅ /Users/runner/work/Venera-Max/Venera-Max/test/translation_store_schema_test.dart: TranslationStore.migrateLegacyKeys an image key containing @ still migrates whole
✅ /Users/runner/work/Venera-Max/Venera-Max/test/translation_store_schema_test.dart: countByPrefix scoping counts only pages under the chapter prefix
✅ /Users/runner/work/Venera-Max/Venera-Max/test/translation_store_schema_test.dart: countByPrefix scoping a sibling chapter whose id is a prefix of another does not leak
✅ /Users/runner/work/Venera-Max/Venera-Max/test/translation_store_schema_test.dart: countByPrefix scoping LIKE wildcards inside a key are escaped, not matched
✅ /Users/runner/work/Venera-Max/Venera-Max/test/translation_store_schema_test.dart: TranslationStore chapter index put indexes pages and aggregates chapters into a comic
✅ /Users/runner/work/Venera-Max/Venera-Max/test/translation_store_schema_test.dart: TranslationStore chapter index adoptLegacyKey moves a transport-keyed row to the stable key
✅ /Users/runner/work/Venera-Max/Venera-Max/test/translation_store_schema_test.dart: TranslationStore chapter index adoptLegacyKey keeps an existing stable row and drops the old one
✅ /Users/runner/work/Venera-Max/Venera-Max/test/translation_store_schema_test.dart: TranslationStore chapter index adoptLegacyKey reports nothing to adopt
✅ /Users/runner/work/Venera-Max/Venera-Max/test/translation_store_schema_test.dart: TranslationStore chapter index recordExistingChapter lazily indexes durable page rows
✅ /Users/runner/work/Venera-Max/Venera-Max/test/translation_store_schema_test.dart: TranslationStore chapter index init backfills the chapter index from legacy page rows
✅ /Users/runner/work/Venera-Max/Venera-Max/test/translation_store_schema_test.dart: TranslationStore chapter index metadata hydration updates comic cover and chapter titles
✅ /Users/runner/work/Venera-Max/Venera-Max/test/translation_store_schema_test.dart: TranslationStore chapter index language pairs stay separate and filters select the requested one
✅ /Users/runner/work/Venera-Max/Venera-Max/test/translation_store_schema_test.dart: TranslationStore chapter index prefix deletion and clear remove index rows with their pages
✅ /Users/runner/work/Venera-Max/Venera-Max/test/translation_store_schema_test.dart: TranslationStore chapter index merge carries indexed chapters and tolerates a legacy source
✅ /Users/runner/work/Venera-Max/Venera-Max/test/avif_fallback_test.dart: fallback registry an unrecorded url is returned untouched
✅ /Users/runner/work/Venera-Max/Venera-Max/test/avif_fallback_test.dart: fallback registry a recorded url is redirected to the alternative encoding
✅ /Users/runner/work/Venera-Max/Venera-Max/test/avif_fallback_test.dart: fallback registry a url with no known alternative is never recorded
✅ /Users/runner/work/Venera-Max/Venera-Max/test/avif_fallback_test.dart: fallback registry recording one url leaves its siblings alone
✅ /Users/runner/work/Venera-Max/Venera-Max/test/avif_fallback_test.dart: fallback registry a url carrying @ survives being recorded
✅ /Users/runner/work/Venera-Max/Venera-Max/test/avif_fallback_test.dart: providers expose the url to redirect a cover reports its own url
✅ /Users/runner/work/Venera-Max/Venera-Max/test/avif_fallback_test.dart: providers expose the url to redirect a reader page reports imageKey, not the cache key
✅ /Users/runner/work/Venera-Max/Venera-Max/test/avif_fallback_test.dart: providers expose the url to redirect a translated reader page reports no url
::group::✅ /Users/runner/work/Venera-Max/Venera-Max/test/avif_frame_decode_guard_test.dart: a frame-decode failure records the url and drops the cache
[31mFrame decode failed for https://img.example.invalid/p/001.avif: Exception: Could not decompress image.[0m
::endgroup::
✅ /Users/runner/work/Venera-Max/Venera-Max/test/collection_download_test.dart: resumed collection resolves a failed member before loading pages
✅ /Users/runner/work/Venera-Max/Venera-Max/test/collection_download_test.dart: recovered member expands into every original chapter
✅ /Users/runner/work/Venera-Max/Venera-Max/test/collection_download_test.dart: selected grouped chapters expand without loading unselected members
✅ /Users/runner/work/Venera-Max/Venera-Max/test/collection_download_test.dart: genuine single-chapter members retain a null chapter argument
✅ /Users/runner/work/Venera-Max/Venera-Max/test/collection_download_test.dart: unavailable metadata preserves progress and can recover on retry
✅ /Users/runner/work/Venera-Max/Venera-Max/test/webdav_saf_upload_test.dart: streams a file that has no openRead, and the server receives the bytes
✅ /Users/runner/work/Venera-Max/Venera-Max/test/webdav_saf_upload_test.dart: re-reads from the start when the body is sent twice
✅ /Users/runner/work/Venera-Max/Venera-Max/test/webdav_saf_upload_test.dart: rejects a body that came up short of the declared length
✅ /Users/runner/work/Venera-Max/Venera-Max/test/webdav_saf_upload_test.dart: reports a read failure instead of yielding an empty body
✅ /Users/runner/work/Venera-Max/Venera-Max/test/add_to_collection_test.dart: searches a thousand collections lazily and resets scroll on clear
✅ /Users/runner/work/Venera-Max/Venera-Max/test/add_to_collection_test.dart: finds member aliases and original titles and keeps creation available
✅ /Users/runner/work/Venera-Max/Venera-Max/test/add_to_collection_test.dart: selects same-name collections by id and cancel preserves the target
✅ /Users/runner/work/Venera-Max/Venera-Max/test/add_to_collection_test.dart: reports partial and complete membership and adds only missing comics
✅ /Users/runner/work/Venera-Max/Venera-Max/test/add_to_collection_test.dart: switching between existing and new collections preserves the draft
✅ /Users/runner/work/Venera-Max/Venera-Max/test/add_to_collection_test.dart: long titles and keyboard fit at width 320.0 with larger text
✅ /Users/runner/work/Venera-Max/Venera-Max/test/add_to_collection_test.dart: long titles and keyboard fit at width 900.0 with larger text
::group::✅ /Users/runner/work/Venera-Max/Venera-Max/test/add_to_collection_test.dart: custom and borrowed covers retain collection identity and broken covers fall back
[31mPathNotFoundException: Cannot open file, path = '/var/folders/nj/vtw8zd2j31d1gdrtntc5y4600000gn/T/venera-collection-picker-rX081l/missing.png' (OS Error: No such file or directory, errno = 2)
#0      CachedImageProvider.load (package:venera/foundation/image_provider/cached_image.dart:81:9)
<asynchronous suspension>
#1      BaseImageProvider._loadBufferAsync (package:venera/foundation/image_provider/base_image_provider.dart:71:18)
<asynchronous suspension>
#2      MultiFrameImageStreamCompleter._handleCodecReady (package:flutter/src/painting/image_stream.dart:1021:3)
<asynchronous suspension>
[0m
[31mPathNotFoundException: Cannot open file, path = '/var/folders/nj/vtw8zd2j31d1gdrtntc5y4600000gn/T/venera-collection-picker-rX081l/missing.png' (OS Error: No such file or directory, errno = 2)
#0      CachedImageProvider.load (package:venera/foundation/image_provider/cached_image.dart:81:9)
<asynchronous suspension>
#1      BaseImageProvider._loadBufferAsync (package:venera/foundation/image_provider/base_image_provider.dart:71:18)
<asynchronous suspension>
#2      MultiFrameImageStreamCompleter._handleCodecReady (package:flutter/src/painting/image_stream.dart:1021:3)
<asynchronous suspension>
[0m
::endgroup::

::error::165 tests passed, 9 failed.
